C51 COMPILER V8.09   DONGTAI                                                               06/29/2010 09:06:12 PAGE 1   


C51 COMPILER V8.09, COMPILATION OF MODULE DONGTAI
OBJECT MODULE PLACED IN dongtai.OBJ
COMPILER INVOKED BY: C:\Keil\C51\BIN\C51.EXE dongtai.c BROWSE DEBUG OBJECTEXTEND

line level    source

   1          #include <reg52.h>
   2          #define uchar unsigned char
   3          #define uint unsigned int
   4          unsigned char code table[]={0x3f,0x06,0x5b,0x4f,
   5          0x66,0x6d,0x7d,0x07,
   6          0x7f,0x6f,0x77,0x7c,
   7          0x39,0x5e,0x79,0x71};
   8          uchar fen=0,miao=0;
   9          int count;
  10          void delay(int z)
  11          {
  12   1              int i,j;
  13   1              for(i=z;i>0;i--)
  14   1               for(j=110;j>0;j--);
  15   1      }
  16          void init()
  17          {
  18   1              EA=1;
  19   1              TMOD=0x01;
  20   1              TH0=(65536-50000)/256;
  21   1              TL0=(65536-50000)%256;
  22   1              ET0=1;
  23   1              TR0=1;
  24   1      }
  25          void main()
  26          {
  27   1              init();
  28   1              while(1)
  29   1              {
  30   2                      P2=0x08;
  31   2                      P0=table[fen/10];
  32   2                      delay(5);
  33   2                      
  34   2                      P2=0x04;
  35   2                      P0=table[fen%10];
  36   2                      delay(5);
  37   2                      
  38   2                      P2=0x02;
  39   2                      P0=table[miao/10];
  40   2                      delay(5);
  41   2                      
  42   2                      P2=0x01;
  43   2                      P0=table[miao%10];
  44   2                      delay(5);
  45   2              }
  46   1      }
  47          void int0() interrupt 1
  48          {
  49   1              TH0=(65536-50000)/256;
  50   1              TL0=(65536-50000)%256;
  51   1              count++;
  52   1              if(count==20)
  53   1              {
  54   2                      miao++;
  55   2                      if(miao==60)
C51 COMPILER V8.09   DONGTAI                                                               06/29/2010 09:06:12 PAGE 2   

  56   2                      {
  57   3                              miao=0;
  58   3                              fen++;
  59   3                              if(fen==60)
  60   3                                      fen=0;
  61   3                      }
  62   2              }
  63   1      }


MODULE INFORMATION:   STATIC OVERLAYABLE
   CODE SIZE        =    158    ----
   CONSTANT SIZE    =     16    ----
   XDATA SIZE       =   ----    ----
   PDATA SIZE       =   ----    ----
   DATA SIZE        =      4    ----
   IDATA SIZE       =   ----    ----
   BIT SIZE         =   ----    ----
END OF MODULE INFORMATION.


C51 COMPILATION COMPLETE.  0 WARNING(S),  0 ERROR(S)
