C51 COMPILER V8.09   MAIN                                                                  09/07/2010 14:59:07 PAGE 1   


C51 COMPILER V8.09, COMPILATION OF MODULE MAIN
OBJECT MODULE PLACED IN main.OBJ
COMPILER INVOKED BY: C:\Keil\C51\BIN\C51.EXE main.c BROWSE DEBUG OBJECTEXTEND

line level    source

   1          #include <stdio.h>
   2          #include <reg52.h>
   3          #define U8 unsigned char
   4          #define U16 unsigned int
   5          sbit beep=P2^7;
   6          U8 code Table_H[]={0,226,229,232,233,236,238,240,241,242,244,245,246,247,248};
   7          U8 code Table_L[]={0,4,13,10,20,3,8,6,2,23,5,26,1,4,3};
   8          U8 sid;
   9          void delay(U16 z)
  10          {
  11   1              U8 i;
  12   1              while(z--)
  13   1                      for(i=0;i<110;i++);
  14   1      }
  15          void main()
  16          {
  17   1              U8 i;
  18   1              EA=1;
  19   1              ET0=1;
  20   1              TMOD=0x00;
  21   1              while(1)
  22   1              {
  23   2                      for(i=0;i<15;i++)
  24   2                      {
  25   3                              sid=i;
  26   3                              TR0=1;
  27   3                              delay(500);
  28   3                      }
  29   2              }
  30   1      }
  31          void Timer0() interrupt 1
  32          {
  33   1              beep=~beep;
  34   1              TH0=Table_H[sid];
  35   1              TL0=Table_L[sid];
  36   1      }


MODULE INFORMATION:   STATIC OVERLAYABLE
   CODE SIZE        =     79    ----
   CONSTANT SIZE    =     30    ----
   XDATA SIZE       =   ----    ----
   PDATA SIZE       =   ----    ----
   DATA SIZE        =      1    ----
   IDATA SIZE       =   ----    ----
   BIT SIZE         =   ----    ----
END OF MODULE INFORMATION.


C51 COMPILATION COMPLETE.  0 WARNING(S),  0 ERROR(S)
