C51 COMPILER V6.12  DS1302                                                                 01/17/2010 23:23:50 PAGE 1   


C51 COMPILER V6.12, COMPILATION OF MODULE DS1302
OBJECT MODULE PLACED IN .\ds1302.OBJ
COMPILER INVOKED BY: C:\Keil\C51\BIN\C51.EXE .\ds1302.c DEBUG OBJECTEXTEND

stmt level    source

   1          #include<reg52.h>
   2          #include<intrins.h>
   3          #include<1602.h>
   4          #include<ds_1302.h>
   5          #include<24c02.h>
   6          #include<ds18b20p.h>
   7          sbit k1=P1^0;
   8          sbit k2=P1^1;
   9          sbit k3=P1^2;
  10          sbit k4=P1^3;
  11          sbit beep=P3^0;
  12          unsigned char year,month,day,week,hour,minute,second,alarmflag,flag=0,flag2=0,min2=0,sec2=0,secp=0,num=0,m
             -ax,i,bb,ahour=0,amin=0,asec=0;
  13          unsigned char mins[20]=0,secs[20]=0,secps[20]=0;
  14          void display1();
  15          void display2();
  16          void init()
  17          {
  18   1      	write_com(0x01);
  19   1      	year=readyear+2000;
  20   1      	month=readmonth;
  21   1      	day=readday;
  22   1      	hour=readhour;
  23   1      	minute=readminute;
  24   1      	second=readsecond;
  25   1      	week=readweek;
  26   1      	display1();
  27   1      	TMOD=0x01;
  28   1      	TH0=(65536-5000)/256; 
  29   1      	TL0=(65536-5000)%256;
  30   1      	EA=1; //开总中断
  31   1      	ahour=read_add(1);
  32   1      	amin=read_add(2);
  33   1      }
  34          void init2()
  35          {
  36   1      	write_com(0x01);
  37   1      	write_com(0x80+0x40+0x03); //显示number
  38   1      	for(i=0;i<6;i++)
  39   1      	write_data(table2[i]);
  40   1      	write_com(0x80+0x06);
  41   1      	write_data(table1[0]);
  42   1      	write_com(0x80+0x09);
  43   1      	write_data(table1[1]);
  44   1      }
  45          void init3()
  46          {
  47   1      	write_com(0x01);
  48   1      	write_com(0x80+0x42);
  49   1      	for(i=0;i<13;i++)
  50   1      		write_data(table5[i]);
  51   1      	displaytwo(6,ahour);
  52   1      	write_data(table1[0]);
  53   1      	displaytwo(9,amin);
  54   1      	write_com(0x80+0x06);
C51 COMPILER V6.12  DS1302                                                                 01/17/2010 23:23:50 PAGE 2   

  55   1      }
  56          void keyscan()
  57          {
  58   1      	if(k1==0&&flag2!=0)
  59   1      	{
  60   2      		delay(5);
  61   2      		if(k1==0&&flag2!=0)
  62   2      		{
  63   3      			flag=0;  flag2=0; write_com(0x0c); init(); if(num!=0&&TR0==0) ET0=0;
  64   3      		}
  65   2      		while(k1==0);
  66   2      	} 
  67   1      	if(k1==0)
  68   1      	{
  69   2      		delay(5);
  70   2      		if(k1==0)
  71   2      		{
  72   3      			flag++;
  73   3      			if(flag==1)
  74   3      			{
  75   4      				init2();
  76   4      			}
  77   3      			switch(flag)
  78   3      			{
  79   4      				case 6 : write_com(0x80+0x40+0x04); break;
  80   4      				case 7 : write_com(0x80+0x40+0x07); break;
  81   4      				case 8 : write_com(0x80+0x40+0x0a); break;
  82   4      				case 2 : init(); write_com(0x80+0x01); write_com(0x0f); break;
  83   4      				case 3 : write_com(0x80+0x06); break;
  84   4      				case 4 : write_com(0x80+0x09); break;
  85   4      				case 5 : write_com(0x80+0x0d); break;
  86   4      				case 9 : init3(); break;
  87   4      				case 10: write_com(0x80+0x09); break;
  88   4      				case 11: flag=0; write_com(0x01); write_com(0x0c); break;
  89   4      			}
  90   3      		}
  91   2      		while(k1==0);
  92   2      	}
  93   1      	if(k2==0)
  94   1      	{
  95   2      		delay(5);
  96   2      		if(k2==0)
  97   2      		{
  98   3      			if(flag==1)
  99   3      			{
 100   4      				if(ET0==0)
 101   4      				{
 102   5      					min2=0;sec2=0;num=0;secp=0;
 103   5      					for(i=0;i<max;i++)
 104   5      					{
 105   6      						mins[i]=0;secs[i]=0;secps[i]=0;
 106   6      					}
 107   5      					max=0;ET0=1;flag2++;
 108   5      					while(k2==0);
 109   5      				}
 110   4      				if(TR0==1)
 111   4      				{
 112   5      					num++;
 113   5      					mins[num]=min2;
 114   5      					secs[num]=sec2;
 115   5      					secps[num]=secp;
 116   5      					TR0=0;
C51 COMPILER V6.12  DS1302                                                                 01/17/2010 23:23:50 PAGE 3   

 117   5      					ET0=0;
 118   5      					max=num;
 119   5      					flag2++;
 120   5      					while(k2==0);
 121   5      				}
 122   4      			}
 123   3      			switch(flag)
 124   3      			{
 125   4      				case 6 : if(hour<23) hour++; else hour=0; writehour; delay(5); displayhour; write_com(0x80+0x40+0x04);
             - break;
 126   4      				case 7 : if(minute<59) minute++; else minute=0;writeminute; delay(5); displayminute;  write_com(0x80+0
             -x40+0x07); break;
 127   4      				case 8 : if(second<59) second++; else second=0;writesecond; delay(5); displaysecond;  write_com(0x80+0
             -x40+0x0a); break;
 128   4      				case 2 : year++;  writeyear; delay(5); displayyear;write_com(0x80+0x01);  break;
 129   4      				case 3 : if(month<12) month++; else month=1;writemonth;delay(5); displaymonth; write_com(0x80+0x06);  
             -break;
 130   4      				case 4 : if(day<31) day++; else day=1; writeday; delay(5); displayday; write_com(0x80+0x09); break;
 131   4      				case 5 : if(week<8) week++; else week=2; writeweek;delay(5); displayweek; write_com(0x80+0x0d); break;
 132   4      				case 9 : if(ahour<23) ahour++; else ahour=0; displaytwo(6,ahour); write_add(1,ahour); write_com(0x80+0
             -x06); break;
 133   4      				case 10: if(amin<59) amin++; else amin=0; displaytwo(9,amin); write_add(2,amin); write_com(0x80+0x09);
             - break;
 134   4      			}
 135   3      		}
 136   2      		while(k2==0);
 137   2      	}
 138   1      	if(k3==0&flag!=0)
 139   1      	{
 140   2      		delay(5);
 141   2      		if(k3==0&flag!=0)
 142   2      		{
 143   3      			if(flag==1)
 144   3      			{
 145   4      				if(ET0==1&&TR0==1)
 146   4      				{
 147   5      					num++;
 148   5      					flag2++;
 149   5      					mins[num]=min2;
 150   5      					secs[num]=sec2;
 151   5      					secps[num]=secp;
 152   5      					while(k3==0)
 153   5      					{
 154   6      						display2();
 155   6      					}
 156   5      				}
 157   4      				if(ET0==1&&TR0==0)
 158   4      					{
 159   5      						TR0=1;
 160   5      						flag2++;
 161   5      					}
 162   4      				if(ET0==0)
 163   4      				{
 164   5      					if(num>1)
 165   5      					num--;
 166   5      					min2=mins[num];
 167   5      					sec2=secs[num];
 168   5      					secp=secps[num];
 169   5      					flag2++;
 170   5      				}
 171   4      			}
 172   3      			switch(flag)
C51 COMPILER V6.12  DS1302                                                                 01/17/2010 23:23:50 PAGE 4   

 173   3      			{
 174   4      				case 6 : if(hour>0) hour--; else hour=23; writehour;delay(5); displayhour; write_com(0x80+0x40+0x04); 
             -break;
 175   4      				case 7 : if(minute>0) minute--; else minute=59; writeminute; delay(5); displayminute; write_com(0x80+0
             -x40+0x07); break;
 176   4      				case 8 : if(second>0) second--; else second=59; writesecond; delay(5); displaysecond; write_com(0x80+0
             -x40+0x0a); break;
 177   4      				case 2 : year--; writeyear; delay(5);  displayyear; write_com(0x80+0x01); break;
 178   4      				case 3 : if(month>1) month--; else month=12; writemonth; delay(5); displaymonth;  write_com(0x80+0x06)
             -; break;
 179   4      				case 4 : if(day>1) day--; else day=31;writeday; delay(5); displayday;  write_com(0x80+0x09); break;
 180   4      				case 5 : if(week>1) week--; else week=7;writeweek; delay(5); displayweek;  write_com(0x80+0x0d); break
             -;
 181   4      				case 9 : if(ahour>0) ahour--; else ahour=23; displaytwo(6,ahour); write_add(1,ahour); write_com(0x80+0
             -x06); break;
 182   4      				case 10: if(amin>0) amin--; else amin=59; displaytwo(9,amin); write_add(2,amin); write_com(0x80+0x09);
             - break;
 183   4      			}
 184   3      		}
 185   2      		while(k3==0);		
 186   2      	}
 187   1      	if(k4==0)
 188   1      	{
 189   2      		delay(5);
 190   2      		if(k4==0&&ET1==0&&flag!=0)
 191   2      		{
 192   3      			if(num<max)
 193   3      			num++;
 194   3      			min2=mins[num];
 195   3      			sec2=secs[num];
 196   3      			secp=secps[num];
 197   3      			flag2++;
 198   3      		}
 199   2      		if(k4==0&&flag==0)
 200   2      		{
 201   3      			write_com(0x01);
 202   3      			displaytemp(readtemp());		  
 203   3      		}
 204   2      	}
 205   1      	while(k4==0);
 206   1      }
 207          void display1()
 208          {
 209   1      	write_com(0x80+5);
 210   1      	write_data(table1[2]);
 211   1      	write_com(0x80+8);
 212   1      	write_data(table1[2]);
 213   1      	write_com(0x80+0x40+6);
 214   1      	write_data(table1[0]);
 215   1      	write_com(0x80+0x40+9);
 216   1      	write_data(table1[0]);
 217   1      	second=readsecond;
 218   1      	minute=readminute;
 219   1      	second=readsecond;
 220   1      	displayyear;
 221   1      	displaymonth;
 222   1      	displayday;
 223   1      	displayweek;
 224   1      	displayhour;
 225   1      	displayminute;
 226   1      	displaysecond;
 227   1      }
C51 COMPILER V6.12  DS1302                                                                 01/17/2010 23:23:50 PAGE 5   

 228          void display2()
 229          {
 230   1      	displaytwo(10,secp);
 231   1      	displaytwo(0x40+0x0a,num);
 232   1      	displaytwo(7,sec2);
 233   1      	displaytwo(4,min2);
 234   1      }
 235          void display3()
 236          {
 237   1      	write_com(0x01);
 238   1      	displaytwo(6,ahour);
 239   1      	write_data(table1[0]);
 240   1      	displaytwo(9,amin);
 241   1      	write_com(0x80+0x43);
 242   1      	for(i=0;i<11;i++)
 243   1      		write_data(table4[i]);
 244   1      }
 245          void display4()
 246          {
 247   1      		write_com(0x01);
 248   1      		write_com(0x80+0x46);
 249   1      		for(i=0;i<5;i++)
 250   1      			write_data(table5[i]);
 251   1      		displaytwo(6,ahour);
 252   1      		write_data(table1[0]);
 253   1      		displaytwo(9,amin);
 254   1      		delay(3000);
 255   1      		write_com(0x01);
 256   1      }
 257          void main()
 258          {
 259   1      	init_1602();
 260   1      	init_24c02();
 261   1      	init();
 262   1      	readtemp();
 263   1      	EA=1;
 264   1      	ET0=1;
 265   1      	TR0=0;
 266   1      	while(1)
 267   1      	{
 268   2      		keyscan();
 269   2      		if(second==0)
 270   2      		{
 271   3      			if(ahour==hour&&amin==minute)
 272   3      			{
 273   4      				display3();
 274   4      				alarmflag=1;
 275   4      				beep=0;
 276   4      				while(alarmflag==1)
 277   4      				{
 278   5      					if(k1==0||k2==0||k3==0||k4==0)
 279   5      					{
 280   6      						alarmflag=0;
 281   6      						write_com(0x01);
 282   6      						beep=1;
 283   6      						while(k1==0||k2==0||k3==0||k4==0);
 284   6      					}
 285   5      				}
 286   4      			}
 287   3      		}
 288   2      		if(flag==0&&k3==0)
 289   2      		{
C51 COMPILER V6.12  DS1302                                                                 01/17/2010 23:23:50 PAGE 6   

 290   3      			display4();
 291   3      		}
 292   2      		if(flag==0&&alarmflag==0)
 293   2      		{
 294   3      			display1();
 295   3      		}
 296   2      		if(flag==1&&alarmflag==0)
 297   2      		{
 298   3      			display2();
 299   3      		}
 300   2      	}
 301   1      } 
 302          void timer1() interrupt 1
 303          {
 304   1      	TH0=(65536-5000)/256;
 305   1         TL0=(65536-5000)%256;
 306   1      	bb++;
 307   1      	if(bb==2)
 308   1      	{   
 309   2      		bb=0;
 310   2      		secp++;
 311   2      		if(secp==100)
 312   2      		{
 313   3      			sec2++;
 314   3      			secp=0;
 315   3      			if(sec2==60)
 316   3      			{
 317   4      				min2++;
 318   4      				sec2=0;
 319   4      			}
 320   3      		}
 321   2      	}		
 322   1      }


MODULE INFORMATION:   STATIC OVERLAYABLE
   CODE SIZE        =   2893    ----
   CONSTANT SIZE    =     89    ----
   XDATA SIZE       =   ----    ----
   PDATA SIZE       =   ----    ----
   DATA SIZE        =     87      16
   IDATA SIZE       =   ----    ----
   BIT SIZE         =      1    ----
END OF MODULE INFORMATION.


C51 COMPILATION COMPLETE.  0 WARNING(S),  0 ERROR(S)
