C51 COMPILER V8.09   I2C                                                                   06/22/2010 18:00:57 PAGE 1   


C51 COMPILER V8.09, COMPILATION OF MODULE I2C
OBJECT MODULE PLACED IN i2c.OBJ
COMPILER INVOKED BY: C:\Keil\C51\BIN\C51.EXE i2c.c BROWSE DEBUG OBJECTEXTEND

line level    source

   1          #include <reg52.h>
   2          #include <stdio.h>
   3          sbit sda=P1^1;
   4          sbit scl=P1^0;
   5          sbit wp=P1^2;
   6          unsigned char read;
   7          void delay(int);
   8          void comm_init();
   9          void delay0()
  10          {;;}
  11          void start()//开始
  12          {
  13   1              sda=1;
  14   1              delay0();
  15   1              scl=1;
  16   1              delay0();
  17   1              sda=0;
  18   1              delay0();
  19   1      }
  20          void stopp()//停止
  21          {
  22   1              sda=0;
  23   1              delay0();
  24   1              scl=1;
  25   1              delay0();
  26   1              sda=1;
  27   1              delay0();
  28   1      }
  29          void respons()//应答
  30          {
  31   1              unsigned char i=0;
  32   1              scl=1;
  33   1              delay0();
  34   1              while((sda==1)&&(i<250))
  35   1                      i++;
  36   1              scl=0;
  37   1              delay0();
  38   1      }
  39          void init_24c02()
  40          {
  41   1              sda=1;
  42   1              delay0();
  43   1              scl=1;
  44   1              delay0();
  45   1              wp=0;
  46   1      }
  47          /************写入时序**********/
  48          void write_byte(unsigned char date)
  49          {
  50   1              unsigned char i,temp;
  51   1              temp=date;
  52   1              for(i=0;i<8;i++)
  53   1              {
  54   2                      temp=temp<<1;
  55   2                      scl=0;
C51 COMPILER V8.09   I2C                                                                   06/22/2010 18:00:57 PAGE 2   

  56   2                      delay0();
  57   2                      sda=CY;
  58   2                      delay0();
  59   2                      scl=1;
  60   2                      delay0();
  61   2              }
  62   1              scl=0;
  63   1              delay0();
  64   1              sda=1;
  65   1              delay0();
  66   1      }
  67          /***********读出时序**********/
  68          char read_byte()
  69          {
  70   1              char i,k;
  71   1              scl=0;
  72   1              delay0();
  73   1              sda=1;
  74   1              delay0();
  75   1              for(i=0;i<8;i++)
  76   1              {
  77   2                      scl=1;
  78   2                      delay0();
  79   2                      k=(k<<1)|sda;
  80   2                      scl=0;
  81   2                      delay0();
  82   2              }
  83   1              return k;
  84   1      }
  85          /***********向24C02写一个char型，第一个参数是地址，第二个参数是数据**********/
  86          void write_add(unsigned char page,unsigned char address,char date)
  87          {
  88   1              start();
  89   1              page<<=1;
  90   1              page|=0xa0;
  91   1              write_byte(page);
  92   1              respons();
  93   1              write_byte(address);
  94   1              respons();
  95   1              write_byte(date);
  96   1              respons();
  97   1              stopp();
  98   1              delay(60);
  99   1      }
 100          /********从24c02读一个char型，参数为地址*************/
 101          unsigned char read_add(unsigned char page,unsigned char address)
 102          {
 103   1              unsigned char date;
 104   1              start();
 105   1              page<<=1;
 106   1              write_byte(page|0xa0);
 107   1              respons();
 108   1              write_byte(address);
 109   1              respons();
 110   1              start();
 111   1              write_byte(page|0xa1);
 112   1              respons();
 113   1              date=read_byte();
 114   1              stopp();
 115   1              return date;
 116   1      }
 117          
C51 COMPILER V8.09   I2C                                                                   06/22/2010 18:00:57 PAGE 3   



MODULE INFORMATION:   STATIC OVERLAYABLE
   CODE SIZE        =    206    ----
   CONSTANT SIZE    =   ----    ----
   XDATA SIZE       =   ----    ----
   PDATA SIZE       =   ----    ----
   DATA SIZE        =      1    ----
   IDATA SIZE       =   ----    ----
   BIT SIZE         =   ----    ----
END OF MODULE INFORMATION.


C51 COMPILATION COMPLETE.  0 WARNING(S),  0 ERROR(S)
