C51 COMPILER V8.09   1602                                                                  05/22/2010 19:00:59 PAGE 1   


C51 COMPILER V8.09, COMPILATION OF MODULE 1602
OBJECT MODULE PLACED IN 1602.OBJ
COMPILER INVOKED BY: C:\Keil\C51\BIN\C51.EXE 1602.c DEBUG OBJECTEXTEND

line level    source

   1          #include <reg52.h>
   2          #include "declare.h"
   3          #include <string.h>
   4          sbit ln=P2^1;
   5          sbit ls=P2^0;
   6          void delay(int);
   7          void write_com(unsigned char com)
   8          {
   9   1              ls=0;
  10   1          P0=com;
  11   1          delay(5);
  12   1          ln=1;
  13   1          delay(5);
  14   1          ln=0;
  15   1      }
  16          void write_data(unsigned char date)
  17          {
  18   1              ls=1;
  19   1          P0=date;
  20   1          delay(5);
  21   1          ln=1;
  22   1          delay(5);
  23   1          ln=0;
  24   1      }
  25          void init_1602()
  26          {
  27   1         write_com(0x38);
  28   1         write_com(0x0c);
  29   1         write_com(0x06);
  30   1         write_com(0x01);
  31   1      }
  32          void moveto(unsigned char row,unsigned char line)
  33          {
  34   1              if(row==1)
  35   1                      write_com(0x80+line);
  36   1              if(row==2)
  37   1                      write_com(0x80+0x40+line);
  38   1      }
  39          void clear(unsigned char t)
  40          {
  41   1              if(t==1)
  42   1              {
  43   2                      write_com(0x80);
  44   2              }
  45   1              if(t==2)
  46   1              {
  47   2                      write_com(0x80+0x40);
  48   2              }
  49   1              for(i=0;i<15;i++)
  50   1              {
  51   2                      write_data(' ');
  52   2              }
  53   1      }
  54          cleardata(unsigned char t)
  55          {
C51 COMPILER V8.09   1602                                                                  05/22/2010 19:00:59 PAGE 2   

  56   1              if(t==1)
  57   1              {
  58   2                      for(i=0;i<15;i++)
  59   2                      first[i]='\0';
  60   2              }
  61   1              if(t==2)
  62   1              {
  63   2                      for(i=0;i<15;i++)
  64   2                      second[i]='\0';
  65   2              }
  66   1      }
  67          void display(unsigned char *temp)
  68          {
  69   1              char n;
  70   1      //      sprintf(buf,"%.3f\0",date);
  71   1              n=strlen(temp);
  72   1              i=n;
  73   1              if(n<=0)
  74   1              {
  75   2                      clear(2);
  76   2                      write_com(0x01);
  77   2                      write_com(0x80+0x40+14);
  78   2                      write_data('0');
  79   2                      write_data('.');
  80   2              }
  81   1              else
  82   1              {
  83   2      /*              while(temp[i-2]!='0')
  84   2                      {
  85   2                              temp[i-1]='\0';
  86   2                              i--;
  87   2                      }*/
  88   2                      if(n>16) n=16;
  89   2                      clear(2);
  90   2                      write_com(0x80+0x40+16-n);
  91   2                      for(i=0;i<16;i++)
  92   2                      write_data(temp[i]);
  93   2              }
  94   1      }
  95          void displayup(unsigned char *temp)
  96          {
  97   1              unsigned char n;
  98   1              n=strlen(temp);
  99   1              for(i=0;i<n;i++)
 100   1              write_data(temp[i]);
 101   1      }


MODULE INFORMATION:   STATIC OVERLAYABLE
   CODE SIZE        =    319    ----
   CONSTANT SIZE    =   ----    ----
   XDATA SIZE       =   ----    ----
   PDATA SIZE       =   ----    ----
   DATA SIZE        =   ----      11
   IDATA SIZE       =   ----    ----
   BIT SIZE         =   ----    ----
END OF MODULE INFORMATION.


C51 COMPILATION COMPLETE.  0 WARNING(S),  0 ERROR(S)
