C51 COMPILER V8.09   LS164                                                                 10/08/2010 19:08:43 PAGE 1   


C51 COMPILER V8.09, COMPILATION OF MODULE LS164
OBJECT MODULE PLACED IN LS164.OBJ
COMPILER INVOKED BY: C:\Keil\C51\BIN\C51.EXE LS164.c BROWSE DEBUG OBJECTEXTEND

line level    source

   1          #include <reg52.h>
   2          #include <declare.h>
   3          sbit LS164_CLK=P0^1;
   4          sbit LS164_DAT=P0^0;
   5          void ls164_write(U8 temp)
   6          {
   7   1              U8 i;
   8   1              for(i=0;i<8;i++)
   9   1              {
  10   2                      LS164_CLK=0;
  11   2                      temp<<=1;
  12   2                      LS164_DAT=CY;
  13   2                      LS164_CLK=1;
  14   2              }
  15   1      }


MODULE INFORMATION:   STATIC OVERLAYABLE
   CODE SIZE        =     17    ----
   CONSTANT SIZE    =   ----    ----
   XDATA SIZE       =   ----    ----
   PDATA SIZE       =   ----    ----
   DATA SIZE        =   ----    ----
   IDATA SIZE       =   ----    ----
   BIT SIZE         =   ----    ----
END OF MODULE INFORMATION.


C51 COMPILATION COMPLETE.  0 WARNING(S),  0 ERROR(S)
